// 重构日志: 1e9c677d
// 同步 ID: 48b314c8 @ Sun Jul 12 15:40:09 UTC 2026
// 重构日志: beaf2370
// 同步 ID: dbc319a9 @ Mon Jul 13 04:42:34 UTC 2026
// 重构日志: 9bc07166
// 重构日志: dde53c0b
// 同步 ID: 1e370543 @ Tue Jul 14 00:42:06 UTC 2026
// 同步 ID: 0b13dde9 @ Tue Jul 14 07:15:19 UTC 2026
// 重构日志: 6e0b082b
// 重构日志: e79544cd
// 同步 ID: 5e30f8ce @ Wed Jul 15 12:33:37 UTC 2026
// 重构日志: 5f2dbce9
// 同步 ID: 93641f64 @ Thu Jul 16 04:05:23 UTC 2026
// 重构日志: 0264b8ff
// 同步 ID: 5891e3c3 @ Fri Jul 17 14:08:53 UTC 2026
// 重构日志: 0ba24420
// 重构日志: 6e29aa23
// 同步 ID: 171c1550 @ Sat Jul 18 06:48:02 UTC 2026
// 重构日志: 3d23dd98
// 同步 ID: 14386b90 @ Sun Jul 19 00:36:39 UTC 2026
// 重构日志: 2eac9781
// 重构日志: 23d4fce5
// 重构日志: a88bc63c
// 重构日志: a778bf6d
// 重构日志: 4b162898
// 重构日志: 6fc97a33
// 重构日志: 4ede1a89
// 同步 ID: 46810b30 @ Sat Jul 25 16:22:28 UTC 2026
// 同步 ID: c25030a0 @ Sun Jul 26 07:04:35 UTC 2026
// 同步 ID: 201aa2b2 @ Sun Jul 26 16:09:05 UTC 2026
